
> shed@2.0.0 test
> ./reset.sh

- creating test user 1...

> shed@2.0.0 admin
> export $(cat .env|tr -d [:blank:]|xargs) && cli/run.mjs "${npm_config_run}" 2>&1 | tee -a cli/admin.log

export npm_config_tu1_sk=${1:-SCBVOFUHQGIJBD6VQHYLSAQD2JVW5LLUOKWKNPFABJPUC4CAOIH6ZZC4}
- creating test user 2...

> shed@2.0.0 admin
> export $(cat .env|tr -d [:blank:]|xargs) && cli/run.mjs "${npm_config_run}" 2>&1 | tee -a cli/admin.log

export npm_config_tu2_sk=${2:-SCRIXQFU64I6TBXK5SIVHEK6ALLSM6IX3HYAA6IYEGV3DCSLLOIPMZ3G}
- creating test user 3...

> shed@2.0.0 admin
> export $(cat .env|tr -d [:blank:]|xargs) && cli/run.mjs "${npm_config_run}" 2>&1 | tee -a cli/admin.log

export npm_config_tu3_sk=${3:-SDSZ2346V7IPELC5H2CWDMFMXOJOGC56XO57HOOG6ITRPU4ZXQWVKWNG}
- creating test user 4...

> shed@2.0.0 admin
> export $(cat .env|tr -d [:blank:]|xargs) && cli/run.mjs "${npm_config_run}" 2>&1 | tee -a cli/admin.log

export npm_config_tu4_sk=${4:-SCJL2ZV54H4XESXS4WOUBUKQLKVSPVFBUIC6DFXUEYXH7VVBUOCV6ZDF}
?xdr=AAAAAgAAAAARk0FvdJo5nFLtcQTbXG0olUPsVgCdG0JiLdI1UWfwIQAAASwAD5gZAAAAAgAAAAEAAAAAYoOowgAAAABig6mAAAAAAAAAAAMAAAAAAAAAEAAAAAD6Cpjon6A%2BaYL5Ff4tWJddBtPY66FUWXNO3y0lVExQTgAAAAEAAAAA%2BgqY6J%2BgPmmC%2BRX%2BLViXXQbT2OuhVFlzTt8tJVRMUE4AAAABAAAAABGTQW90mjmcUu1xBNtcbSiVQ%2BxWAJ0bQmIt0jVRZ%2FAhAAAAAUhFWEEAAAAAssZMC4mUP9RcjjyVim43s5AGjMfn0JPiUW57ughFOeEAAAABKgXyAAAAAAEAAAAA%2BgqY6J%2BgPmmC%2BRX%2BLViXXQbT2OuhVFlzTt8tJVRMUE4AAAARAAAAAAAAAAFRZ%2FAhAAAAQBOvIPrjha7uyNXd1hkGjAlhEMktPUvV1CxhGEGWuwuQv3GSFy%2B4ZnPazTKxWLr7nzoEYrXNeq09WlUvQ0uFSAI%3D&GAIZGQLPOSNDTHCS5VYQJW24NUUJKQ7MKYAJ2G2CMIW5ENKRM7YCDSOC=onS0amsb5lf9UfhTN8Kbr9AO4Jcmu8DjymG8fdGmV7cZTLSLHnMXxTW1PT2VzF1RW53KTWpqjZyDdhDhbyKSDg==
bff8bc1c898ebce803b4edf8746f9759e36ef7937966188ed933b4f6d2095123
User {
  keypair: Keypair {
    type: 'ed25519',
    _secretSeed: <Buffer 83 57 16 87 81 90 90 8f d5 81 f0 b9 02 03 d2 6b 6e ad 74 72 ac a6 bc a0 0a 5f 41 70 40 72 0f ec>,
    _publicKey: <Buffer 11 93 41 6f 74 9a 39 9c 52 ed 71 04 db 5c 6d 28 95 43 ec 56 00 9d 1b 42 62 2d d2 35 51 67 f0 21>,
    _secretKey: <Buffer 83 57 16 87 81 90 90 8f d5 81 f0 b9 02 03 d2 6b 6e ad 74 72 ac a6 bc a0 0a 5f 41 70 40 72 0f ec 11 93 41 6f 74 9a 39 9c 52 ed 71 04 db 5c 6d 28 95 43 ... 14 more bytes>
  },
  asset: Asset {
    code: 'HEXA',
    issuer: 'GCZMMTALRGKD7VC4RY6JLCTOG6ZZABUMY7T5BE7CKFXHXOQIIU46DRYW'
  },
  pk: 'GAIZGQLPOSNDTHCS5VYQJW24NUUJKQ7MKYAJ2G2CMIW5ENKRM7YCDSOC',
  account: {
    _links: {
      self: [Object],
      transactions: [Object],
      operations: [Object],
      payments: [Object],
      effects: [Object],
      offers: [Object],
      trades: [Object],
      data: [Object]
    },
    id: 'GAIZGQLPOSNDTHCS5VYQJW24NUUJKQ7MKYAJ2G2CMIW5ENKRM7YCDSOC',
    account_id: 'GAIZGQLPOSNDTHCS5VYQJW24NUUJKQ7MKYAJ2G2CMIW5ENKRM7YCDSOC',
    sequence: '4389357792264194',
    sequence_ledger: 1021982,
    sequence_time: '1652795599',
    subentry_count: 1,
    last_modified_ledger: 1021982,
    last_modified_time: '2022-05-17T13:53:19Z',
    thresholds: { low_threshold: 0, med_threshold: 0, high_threshold: 0 },
    flags: {
      auth_required: false,
      auth_revocable: false,
      auth_immutable: false,
      auth_clawback_enabled: false
    },
    balances: [ [Object], [Object] ],
    signers: [ [Object] ],
    data: {},
    num_sponsoring: 0,
    num_sponsored: 0,
    paging_token: 'GAIZGQLPOSNDTHCS5VYQJW24NUUJKQ7MKYAJ2G2CMIW5ENKRM7YCDSOC'
  },
  effects: [
    {
      _links: [Object],
      id: '0004389374972141574-0000000001',
      paging_token: '4389374972141574-1',
      account: 'GAIZGQLPOSNDTHCS5VYQJW24NUUJKQ7MKYAJ2G2CMIW5ENKRM7YCDSOC',
      type: 'data_created',
      type_i: 40,
      created_at: '2022-05-17T13:53:14Z',
      name: 'daos',
      value: 'Z3JhdHouaW8sc2hleA=='
    },
    {
      _links: [Object],
      id: '0004389374972141573-0000000001',
      paging_token: '4389374972141573-1',
      account: 'GAIZGQLPOSNDTHCS5VYQJW24NUUJKQ7MKYAJ2G2CMIW5ENKRM7YCDSOC',
      type: 'data_created',
      type_i: 40,
      created_at: '2022-05-17T13:53:14Z',
      name: 'email',
      value: 'Z3JhdHppb0BncmF0ei5pbw=='
    },
    {
      _links: [Object],
      id: '0004389374972141572-0000000001',
      paging_token: '4389374972141572-1',
      account: 'GAIZGQLPOSNDTHCS5VYQJW24NUUJKQ7MKYAJ2G2CMIW5ENKRM7YCDSOC',
      type: 'data_created',
      type_i: 40,
      created_at: '2022-05-17T13:53:14Z',
      name: 'greeting',
      value: 'R3JhdHppbw=='
    },
    {
      _links: [Object],
      id: '0004389374972141571-0000000001',
      paging_token: '4389374972141571-1',
      account: 'GAIZGQLPOSNDTHCS5VYQJW24NUUJKQ7MKYAJ2G2CMIW5ENKRM7YCDSOC',
      type: 'data_created',
      type_i: 40,
      created_at: '2022-05-17T13:53:14Z',
      name: 'lng',
      value: 'LTAuMTIwODU='
    },
    {
      _links: [Object],
      id: '0004389374972141570-0000000001',
      paging_token: '4389374972141570-1',
      account: 'GAIZGQLPOSNDTHCS5VYQJW24NUUJKQ7MKYAJ2G2CMIW5ENKRM7YCDSOC',
      type: 'data_created',
      type_i: 40,
      created_at: '2022-05-17T13:53:14Z',
      name: 'lat',
      value: 'NTEuNTA4NzQy'
    }
  ],
  heeC: [],
  lat: [ '51.508742' ],
  lng: [ '-0.12085' ],
  daos: 'gratz.io,shex',
  email: 'gratzio@gratz.io',
  greeting: 'Gratzio'
}
- exiting addUser...
?xdr=AAAAAgAAAABldjzxmommVQhvw6qxospQm8CiT%2B464LwDu%2B3cT4qdCgAAASwAD5gaAAAAAgAAAAEAAAAAYoOo2wAAAABig6mZAAAAAAAAAAMAAAAAAAAAEAAAAAD6Cpjon6A%2BaYL5Ff4tWJddBtPY66FUWXNO3y0lVExQTgAAAAEAAAAA%2BgqY6J%2BgPmmC%2BRX%2BLViXXQbT2OuhVFlzTt8tJVRMUE4AAAABAAAAAGV2PPGaiaZVCG%2FDqrGiylCbwKJP7jrgvAO77dxPip0KAAAAAUhFWEEAAAAAssZMC4mUP9RcjjyVim43s5AGjMfn0JPiUW57ughFOeEAAA2kdavwAAAAAAEAAAAA%2BgqY6J%2BgPmmC%2BRX%2BLViXXQbT2OuhVFlzTt8tJVRMUE4AAAARAAAAAAAAAAFPip0KAAAAQBlixf56vUhBVxsF%2FG3WKBJgL3U%2BylK2hxQ3jgwYqnjKmR9cixQ%2BPuDEgBjHv7U6x5RGkIUMgGeEe5b7ee9pFwM%3D&GBSXMPHRTKE2MVIIN7B2VMNCZJIJXQFCJ7XDVYF4AO563XCPRKOQUOM7=16KjHhqWYxyiCKSBu7nIFdGwRuHddbx+KGXo//6PON64RzlWCnuEqL5wLClYg3NVtHEdb8nENwxs1L0jtwRBAQ==
fb2e0173396354f1106b4841ff5a4575d82f1e864531df8b2cf1859d44dc9f3a
User {
  keypair: Keypair {
    type: 'ed25519',
    _secretSeed: <Buffer a2 8b c0 b4 f7 11 e9 86 ea ec 91 53 91 5e 02 d7 26 79 17 d9 f0 00 79 18 21 ab b1 8a 4b 5b 90 f6>,
    _publicKey: <Buffer 65 76 3c f1 9a 89 a6 55 08 6f c3 aa b1 a2 ca 50 9b c0 a2 4f ee 3a e0 bc 03 bb ed dc 4f 8a 9d 0a>,
    _secretKey: <Buffer a2 8b c0 b4 f7 11 e9 86 ea ec 91 53 91 5e 02 d7 26 79 17 d9 f0 00 79 18 21 ab b1 8a 4b 5b 90 f6 65 76 3c f1 9a 89 a6 55 08 6f c3 aa b1 a2 ca 50 9b c0 ... 14 more bytes>
  },
  asset: Asset {
    code: 'HEXA',
    issuer: 'GCZMMTALRGKD7VC4RY6JLCTOG6ZZABUMY7T5BE7CKFXHXOQIIU46DRYW'
  },
  pk: 'GBSXMPHRTKE2MVIIN7B2VMNCZJIJXQFCJ7XDVYF4AO563XCPRKOQUOM7',
  account: {
    _links: {
      self: [Object],
      transactions: [Object],
      operations: [Object],
      payments: [Object],
      effects: [Object],
      offers: [Object],
      trades: [Object],
      data: [Object]
    },
    id: 'GBSXMPHRTKE2MVIIN7B2VMNCZJIJXQFCJ7XDVYF4AO563XCPRKOQUOM7',
    account_id: 'GBSXMPHRTKE2MVIIN7B2VMNCZJIJXQFCJ7XDVYF4AO563XCPRKOQUOM7',
    sequence: '4389362087231490',
    sequence_ledger: 1021987,
    sequence_time: '1652795624',
    subentry_count: 1,
    last_modified_ledger: 1021987,
    last_modified_time: '2022-05-17T13:53:44Z',
    thresholds: { low_threshold: 0, med_threshold: 0, high_threshold: 0 },
    flags: {
      auth_required: false,
      auth_revocable: false,
      auth_immutable: false,
      auth_clawback_enabled: false
    },
    balances: [ [Object], [Object] ],
    signers: [ [Object] ],
    data: {},
    num_sponsoring: 0,
    num_sponsored: 0,
    paging_token: 'GBSXMPHRTKE2MVIIN7B2VMNCZJIJXQFCJ7XDVYF4AO563XCPRKOQUOM7'
  },
  effects: [
    {
      _links: [Object],
      id: '0004389396446973958-0000000001',
      paging_token: '4389396446973958-1',
      account: 'GBSXMPHRTKE2MVIIN7B2VMNCZJIJXQFCJ7XDVYF4AO563XCPRKOQUOM7',
      type: 'data_created',
      type_i: 40,
      created_at: '2022-05-17T13:53:39Z',
      name: 'daos',
      value: 'c2hleA=='
    },
    {
      _links: [Object],
      id: '0004389396446973957-0000000001',
      paging_token: '4389396446973957-1',
      account: 'GBSXMPHRTKE2MVIIN7B2VMNCZJIJXQFCJ7XDVYF4AO563XCPRKOQUOM7',
      type: 'data_created',
      type_i: 40,
      created_at: '2022-05-17T13:53:39Z',
      name: 'email',
      value: 'ZGlkYWxpay5haW1AZ21haWwuY29t'
    },
    {
      _links: [Object],
      id: '0004389396446973956-0000000001',
      paging_token: '4389396446973956-1',
      account: 'GBSXMPHRTKE2MVIIN7B2VMNCZJIJXQFCJ7XDVYF4AO563XCPRKOQUOM7',
      type: 'data_created',
      type_i: 40,
      created_at: '2022-05-17T13:53:39Z',
      name: 'greeting',
      value: 'RGlkIEFsaWs='
    },
    {
      _links: [Object],
      id: '0004389396446973955-0000000001',
      paging_token: '4389396446973955-1',
      account: 'GBSXMPHRTKE2MVIIN7B2VMNCZJIJXQFCJ7XDVYF4AO563XCPRKOQUOM7',
      type: 'data_created',
      type_i: 40,
      created_at: '2022-05-17T13:53:39Z',
      name: 'lng',
      value: 'LTgwLjEyOTg0MzkxMjUxMDE3'
    },
    {
      _links: [Object],
      id: '0004389396446973954-0000000001',
      paging_token: '4389396446973954-1',
      account: 'GBSXMPHRTKE2MVIIN7B2VMNCZJIJXQFCJ7XDVYF4AO563XCPRKOQUOM7',
      type: 'data_created',
      type_i: 40,
      created_at: '2022-05-17T13:53:39Z',
      name: 'lat',
      value: 'MjUuOTczNjg3MzM4MDMzNjQ1'
    }
  ],
  heeC: [],
  lat: [ '25.973687338033645' ],
  lng: [ '-80.12984391251017' ],
  daos: 'shex',
  email: 'didalik.aim@gmail.com',
  greeting: 'Did Alik'
}
- exiting addUser...
?xdr=AAAAAgAAAAAMhJ%2BWYJQaSBQS9Uvwprl6JTeRzpt1IARXYboywmxRmgAAASwAD5gbAAAAAgAAAAEAAAAAYoOo5QAAAABig6mjAAAAAAAAAAMAAAAAAAAAEAAAAAD6Cpjon6A%2BaYL5Ff4tWJddBtPY66FUWXNO3y0lVExQTgAAAAEAAAAA%2BgqY6J%2BgPmmC%2BRX%2BLViXXQbT2OuhVFlzTt8tJVRMUE4AAAABAAAAAAyEn5ZglBpIFBL1S%2FCmuXolN5HOm3UgBFdhujLCbFGaAAAAAUhFWEEAAAAAssZMC4mUP9RcjjyVim43s5AGjMfn0JPiUW57ughFOeEAAAABKgXyAAAAAAEAAAAA%2BgqY6J%2BgPmmC%2BRX%2BLViXXQbT2OuhVFlzTt8tJVRMUE4AAAARAAAAAAAAAAHCbFGaAAAAQMCTuY9Ngo3oHLRvRW6pmmBuyyKMfWwsKZia%2F8unwloheyUrZ6cFvS2ar9m00EIyLnTClAAsKViUqeKjgHCCKAQ%3D&GAGIJH4WMCKBUSAUCL2UX4FGXF5CKN4RZ2NXKIAEK5Q3UMWCNRIZVRYN=AHr/y7ioNA1S2evv4mxf7dP5yj+39TgP+TSb8rnHrmCuB5Gw4PwCAy58JaRMqx0zDmoMskBEJmkhLM1P3vSXAg==
b647bc3f18f54780a96a8ff6bc6dddc4556f5cf4c797a8b97cd4d94c22138f54
User {
  keypair: Keypair {
    type: 'ed25519',
    _secretSeed: <Buffer e5 9d 6f 9e af d0 f2 2c 5d 3e 85 61 b0 ac bb 92 e3 0b be bb bb f3 b9 c6 f2 27 17 d3 99 bc 2d 55>,
    _publicKey: <Buffer 0c 84 9f 96 60 94 1a 48 14 12 f5 4b f0 a6 b9 7a 25 37 91 ce 9b 75 20 04 57 61 ba 32 c2 6c 51 9a>,
    _secretKey: <Buffer e5 9d 6f 9e af d0 f2 2c 5d 3e 85 61 b0 ac bb 92 e3 0b be bb bb f3 b9 c6 f2 27 17 d3 99 bc 2d 55 0c 84 9f 96 60 94 1a 48 14 12 f5 4b f0 a6 b9 7a 25 37 ... 14 more bytes>
  },
  asset: Asset {
    code: 'HEXA',
    issuer: 'GCZMMTALRGKD7VC4RY6JLCTOG6ZZABUMY7T5BE7CKFXHXOQIIU46DRYW'
  },
  pk: 'GAGIJH4WMCKBUSAUCL2UX4FGXF5CKN4RZ2NXKIAEK5Q3UMWCNRIZVRYN',
  account: {
    _links: {
      self: [Object],
      transactions: [Object],
      operations: [Object],
      payments: [Object],
      effects: [Object],
      offers: [Object],
      trades: [Object],
      data: [Object]
    },
    id: 'GAGIJH4WMCKBUSAUCL2UX4FGXF5CKN4RZ2NXKIAEK5Q3UMWCNRIZVRYN',
    account_id: 'GAGIJH4WMCKBUSAUCL2UX4FGXF5CKN4RZ2NXKIAEK5Q3UMWCNRIZVRYN',
    sequence: '4389366382198786',
    sequence_ledger: 1021989,
    sequence_time: '1652795634',
    subentry_count: 1,
    last_modified_ledger: 1021989,
    last_modified_time: '2022-05-17T13:53:54Z',
    thresholds: { low_threshold: 0, med_threshold: 0, high_threshold: 0 },
    flags: {
      auth_required: false,
      auth_revocable: false,
      auth_immutable: false,
      auth_clawback_enabled: false
    },
    balances: [ [Object], [Object] ],
    signers: [ [Object] ],
    data: {},
    num_sponsoring: 0,
    num_sponsored: 0,
    paging_token: 'GAGIJH4WMCKBUSAUCL2UX4FGXF5CKN4RZ2NXKIAEK5Q3UMWCNRIZVRYN'
  },
  effects: [
    {
      _links: [Object],
      id: '0004389405036912646-0000000001',
      paging_token: '4389405036912646-1',
      account: 'GAGIJH4WMCKBUSAUCL2UX4FGXF5CKN4RZ2NXKIAEK5Q3UMWCNRIZVRYN',
      type: 'data_created',
      type_i: 40,
      created_at: '2022-05-17T13:53:49Z',
      name: 'daos',
      value: 'Z3JhdHouaW8sc2hleA=='
    },
    {
      _links: [Object],
      id: '0004389405036912645-0000000001',
      paging_token: '4389405036912645-1',
      account: 'GAGIJH4WMCKBUSAUCL2UX4FGXF5CKN4RZ2NXKIAEK5Q3UMWCNRIZVRYN',
      type: 'data_created',
      type_i: 40,
      created_at: '2022-05-17T13:53:49Z',
      name: 'email',
      value: 'ZW1haWxAbm90LnNldA=='
    },
    {
      _links: [Object],
      id: '0004389405036912644-0000000001',
      paging_token: '4389405036912644-1',
      account: 'GAGIJH4WMCKBUSAUCL2UX4FGXF5CKN4RZ2NXKIAEK5Q3UMWCNRIZVRYN',
      type: 'data_created',
      type_i: 40,
      created_at: '2022-05-17T13:53:49Z',
      name: 'greeting',
      value: 'TWljaGFlbA=='
    },
    {
      _links: [Object],
      id: '0004389405036912643-0000000001',
      paging_token: '4389405036912643-1',
      account: 'GAGIJH4WMCKBUSAUCL2UX4FGXF5CKN4RZ2NXKIAEK5Q3UMWCNRIZVRYN',
      type: 'data_created',
      type_i: 40,
      created_at: '2022-05-17T13:53:49Z',
      name: 'lng',
      value: 'MTUxLjIxNDA2MTk='
    },
    {
      _links: [Object],
      id: '0004389405036912642-0000000001',
      paging_token: '4389405036912642-1',
      account: 'GAGIJH4WMCKBUSAUCL2UX4FGXF5CKN4RZ2NXKIAEK5Q3UMWCNRIZVRYN',
      type: 'data_created',
      type_i: 40,
      created_at: '2022-05-17T13:53:49Z',
      name: 'lat',
      value: 'LTMzLjg1ODIyMTg='
    }
  ],
  heeC: [],
  lat: [ '-33.8582218' ],
  lng: [ '151.2140619' ],
  daos: 'gratz.io,shex',
  email: 'email@not.set',
  greeting: 'Michael'
}
- exiting addUser...
c26514b4862d88a07c6cb3444822ea3662b68cec3021a33b874376f450d3dcc1
- claimTake: returning...
- exiting gratzioFulfillAskDidAlik...
c24b15ffee3d3cdb92cc0a2b42d240bd16e95b2fd8458a821873ff02b24bbf5d
- claimTake: returning...
- exiting gratzioFulfillAskMichael...
?xdr=AAAAAgAAAADQsyQXlp%2FD1D36kEPDWOSRzzAJT981xbyNbffZbwID9AAAASwAD5gcAAAAAgAAAAEAAAAAYoOpCgAAAABig6nIAAAAAAAAAAMAAAAAAAAAEAAAAAD6Cpjon6A%2BaYL5Ff4tWJddBtPY66FUWXNO3y0lVExQTgAAAAEAAAAA%2BgqY6J%2BgPmmC%2BRX%2BLViXXQbT2OuhVFlzTt8tJVRMUE4AAAABAAAAANCzJBeWn8PUPfqQQ8NY5JHPMAlP3zXFvI1t99lvAgP0AAAAAUhFWEEAAAAAssZMC4mUP9RcjjyVim43s5AGjMfn0JPiUW57ughFOeEAAAABKgXyAAAAAAEAAAAA%2BgqY6J%2BgPmmC%2BRX%2BLViXXQbT2OuhVFlzTt8tJVRMUE4AAAARAAAAAAAAAAFvAgP0AAAAQPfazYgJ3pG9JtGNB50L0mE7dlDTu1m5BU%2BXTKm%2BMopuxpmmtKW4E8eVUcfCiOuMsraWv%2BeXRMnyOs1nZVM6dAM%3D&GDILGJAXS2P4HVB57KIEHQ2Y4SI46MAJJ7PTLRN4RVW7PWLPAIB7JPDN=2rsdqLZv21q/km47Me3+5B1tSAfaphG+7ZVeUzjEJ76aAOvbGfPJUqQ+AIug+1hfaFVTDgMYakwchjieTqaEBQ==
d5f820f74353313cef5372c23ed0804a8bd09996dcee09d434e392c68fc370f1
User {
  keypair: Keypair {
    type: 'ed25519',
    _secretSeed: <Buffer 92 bd 66 bd e1 f9 72 4a f2 e5 9d 40 d1 50 5a ab 27 d4 a1 a2 05 e1 96 f4 26 2e 7f d6 a1 a3 85 5f>,
    _publicKey: <Buffer d0 b3 24 17 96 9f c3 d4 3d fa 90 43 c3 58 e4 91 cf 30 09 4f df 35 c5 bc 8d 6d f7 d9 6f 02 03 f4>,
    _secretKey: <Buffer 92 bd 66 bd e1 f9 72 4a f2 e5 9d 40 d1 50 5a ab 27 d4 a1 a2 05 e1 96 f4 26 2e 7f d6 a1 a3 85 5f d0 b3 24 17 96 9f c3 d4 3d fa 90 43 c3 58 e4 91 cf 30 ... 14 more bytes>
  },
  asset: Asset {
    code: 'HEXA',
    issuer: 'GCZMMTALRGKD7VC4RY6JLCTOG6ZZABUMY7T5BE7CKFXHXOQIIU46DRYW'
  },
  pk: 'GDILGJAXS2P4HVB57KIEHQ2Y4SI46MAJJ7PTLRN4RVW7PWLPAIB7JPDN',
  account: {
    _links: {
      self: [Object],
      transactions: [Object],
      operations: [Object],
      payments: [Object],
      effects: [Object],
      offers: [Object],
      trades: [Object],
      data: [Object]
    },
    id: 'GDILGJAXS2P4HVB57KIEHQ2Y4SI46MAJJ7PTLRN4RVW7PWLPAIB7JPDN',
    account_id: 'GDILGJAXS2P4HVB57KIEHQ2Y4SI46MAJJ7PTLRN4RVW7PWLPAIB7JPDN',
    sequence: '4389370677166082',
    sequence_ledger: 1021996,
    sequence_time: '1652795672',
    subentry_count: 1,
    last_modified_ledger: 1021996,
    last_modified_time: '2022-05-17T13:54:32Z',
    thresholds: { low_threshold: 0, med_threshold: 0, high_threshold: 0 },
    flags: {
      auth_required: false,
      auth_revocable: false,
      auth_immutable: false,
      auth_clawback_enabled: false
    },
    balances: [ [Object], [Object] ],
    signers: [ [Object] ],
    data: {},
    num_sponsoring: 0,
    num_sponsored: 0,
    paging_token: 'GDILGJAXS2P4HVB57KIEHQ2Y4SI46MAJJ7PTLRN4RVW7PWLPAIB7JPDN'
  },
  effects: [
    {
      _links: [Object],
      id: '0004389435101691910-0000000001',
      paging_token: '4389435101691910-1',
      account: 'GDILGJAXS2P4HVB57KIEHQ2Y4SI46MAJJ7PTLRN4RVW7PWLPAIB7JPDN',
      type: 'data_created',
      type_i: 40,
      created_at: '2022-05-17T13:54:27Z',
      name: 'daos',
      value: 'c2hleGFpLHNoZXg='
    },
    {
      _links: [Object],
      id: '0004389435101691909-0000000001',
      paging_token: '4389435101691909-1',
      account: 'GDILGJAXS2P4HVB57KIEHQ2Y4SI46MAJJ7PTLRN4RVW7PWLPAIB7JPDN',
      type: 'data_created',
      type_i: 40,
      created_at: '2022-05-17T13:54:27Z',
      name: 'email',
      value: 'ZW1haWxAbm90LnNldA=='
    },
    {
      _links: [Object],
      id: '0004389435101691908-0000000001',
      paging_token: '4389435101691908-1',
      account: 'GDILGJAXS2P4HVB57KIEHQ2Y4SI46MAJJ7PTLRN4RVW7PWLPAIB7JPDN',
      type: 'data_created',
      type_i: 40,
      created_at: '2022-05-17T13:54:27Z',
      name: 'greeting',
      value: 'U0hFWEFJ'
    },
    {
      _links: [Object],
      id: '0004389435101691907-0000000001',
      paging_token: '4389435101691907-1',
      account: 'GDILGJAXS2P4HVB57KIEHQ2Y4SI46MAJJ7PTLRN4RVW7PWLPAIB7JPDN',
      type: 'data_created',
      type_i: 40,
      created_at: '2022-05-17T13:54:27Z',
      name: 'lng',
      value: 'MTI3LjgzNjE2MzA='
    },
    {
      _links: [Object],
      id: '0004389435101691906-0000000001',
      paging_token: '4389435101691906-1',
      account: 'GDILGJAXS2P4HVB57KIEHQ2Y4SI46MAJJ7PTLRN4RVW7PWLPAIB7JPDN',
      type: 'data_created',
      type_i: 40,
      created_at: '2022-05-17T13:54:27Z',
      name: 'lat',
      value: 'MjYuNDU5MTc0OA=='
    }
  ],
  heeC: [],
  lat: [ '26.4591748' ],
  lng: [ '127.8361630' ],
  daos: 'shexai,shex',
  email: 'email@not.set',
  greeting: 'SHEXAI'
}
- exiting addUser...
95b156a428591ec74df81e573d35383597340a622c9dc181be998155f4236931
- claimTake: returning...
- exiting alikAcceptBidSHEXAI...
87c12d9199b71a86bb1900c379bc486b763e7736a670395269df18db6e6c0394
- reclaimTake: returning...
- exiting alikMichaelReclaimBid...
Request {
  txHash: 'abce11d64d8d458e8a28f63de4fc8f56c83ff2fa1228bd8baeb40e48459566f9',
  maker: 'GALQW6MWNPFXLWQY5SJL4DRYKWPAHGXS27HQVH4MF2BMO47TQHGWSUUM',
  description: "Suffering is real - and so is anything that reduces it. Let's make Stellar Help Exchange real! Business partners, codebase maintainers and contributors welcome.",
  amount: null,
  memo: Memo { _type: 'text', _value: 'Request' }
}
[
  Take {
    txHash: 'c56c5845acbc472b7ab7062b42d04ac6872c53914704f71d5df519939dca64c5',
    make: Request {
      txHash: 'abce11d64d8d458e8a28f63de4fc8f56c83ff2fa1228bd8baeb40e48459566f9',
      maker: 'GALQW6MWNPFXLWQY5SJL4DRYKWPAHGXS27HQVH4MF2BMO47TQHGWSUUM',
      description: "Suffering is real - and so is anything that reduces it. Let's make Stellar Help Exchange real! Business partners, codebase maintainers and contributors welcome.",
      amount: null,
      memo: [Memo],
      makerCached: [User]
    },
    balanceId: '0000000070aefece1e3d767516b096f251c3bb611a3132b3ff92ae7036b51021129e5837',
    taker: 'GDPHCZOE35F562WUWZKUPCS2RHFWBUBKELOMCM4Z5334ETCITKHGEXC6',
    description: '',
    amount: null,
    claimable: false,
    claimed: true
  },
  Take {
    txHash: '7d137b3aed8b108dac3c82aab23a6cc9962086795da38a19756d597ad01db9cc',
    make: Request {
      txHash: 'abce11d64d8d458e8a28f63de4fc8f56c83ff2fa1228bd8baeb40e48459566f9',
      maker: 'GALQW6MWNPFXLWQY5SJL4DRYKWPAHGXS27HQVH4MF2BMO47TQHGWSUUM',
      description: "Suffering is real - and so is anything that reduces it. Let's make Stellar Help Exchange real! Business partners, codebase maintainers and contributors welcome.",
      amount: null,
      memo: [Memo],
      makerCached: [User]
    },
    balanceId: '0000000094d82cf9c56e8fedf5e3159599caf8f5042d4fcd2ac5b369cbf2d38b54c0565a',
    taker: 'GDPHCZOE35F562WUWZKUPCS2RHFWBUBKELOMCM4Z5334ETCITKHGEXC6',
    description: '',
    amount: null,
    claimable: false,
    claimed: true
  },
  Take {
    txHash: '42d866ce04646fb1ce06e4bda34a0d953628a3d0afdb03700f0e15ea24ce6302',
    make: Request {
      txHash: 'abce11d64d8d458e8a28f63de4fc8f56c83ff2fa1228bd8baeb40e48459566f9',
      maker: 'GALQW6MWNPFXLWQY5SJL4DRYKWPAHGXS27HQVH4MF2BMO47TQHGWSUUM',
      description: "Suffering is real - and so is anything that reduces it. Let's make Stellar Help Exchange real! Business partners, codebase maintainers and contributors welcome.",
      amount: null,
      memo: [Memo],
      makerCached: [User]
    },
    balanceId: '0000000020be2021e4262515757ec7447a5845f18f79acaff6ac294bbad5b4fe18a93610',
    taker: 'GDPHCZOE35F562WUWZKUPCS2RHFWBUBKELOMCM4Z5334ETCITKHGEXC6',
    description: '',
    amount: null,
    claimable: false,
    claimed: true
  },
  Take {
    txHash: '562d357e384c7797f1547508c6e868e1522766b982568ecabb407551d57764ab',
    make: Request {
      txHash: 'abce11d64d8d458e8a28f63de4fc8f56c83ff2fa1228bd8baeb40e48459566f9',
      maker: 'GALQW6MWNPFXLWQY5SJL4DRYKWPAHGXS27HQVH4MF2BMO47TQHGWSUUM',
      description: "Suffering is real - and so is anything that reduces it. Let's make Stellar Help Exchange real! Business partners, codebase maintainers and contributors welcome.",
      amount: null,
      memo: [Memo],
      makerCached: [User]
    },
    balanceId: '000000008edc617189cc5521e85d19beb8c691c5baeebc657950e7cdd137ce25733918d7',
    taker: 'GDPHCZOE35F562WUWZKUPCS2RHFWBUBKELOMCM4Z5334ETCITKHGEXC6',
    description: '',
    amount: null,
    takerCached: User {
      keypair: [Keypair],
      asset: [Asset],
      pk: 'GDPHCZOE35F562WUWZKUPCS2RHFWBUBKELOMCM4Z5334ETCITKHGEXC6',
      account: [Object],
      effects: [Array],
      heeC: [],
      lat: [Array],
      lng: [Array],
      daos: 'gratz.io,shex',
      email: 'email@not.set',
      greeting: 'Michael'
    },
    claimable: false,
    reclaimed: true
  },
  Take {
    txHash: '9bb7361b0b4c4717c6345c8e5e71d942983ffdb3b4470ed5a8379488aab404ed',
    make: Request {
      txHash: 'abce11d64d8d458e8a28f63de4fc8f56c83ff2fa1228bd8baeb40e48459566f9',
      maker: 'GALQW6MWNPFXLWQY5SJL4DRYKWPAHGXS27HQVH4MF2BMO47TQHGWSUUM',
      description: "Suffering is real - and so is anything that reduces it. Let's make Stellar Help Exchange real! Business partners, codebase maintainers and contributors welcome.",
      amount: null,
      memo: [Memo],
      makerCached: [User]
    },
    balanceId: '000000000f65d6eec6b15d16d56581121802fabaf82b4d309c8a3ad099b593786beacacd',
    taker: 'GDPHCZOE35F562WUWZKUPCS2RHFWBUBKELOMCM4Z5334ETCITKHGEXC6',
    description: '',
    amount: null,
    takerCached: User {
      keypair: [Keypair],
      asset: [Asset],
      pk: 'GDPHCZOE35F562WUWZKUPCS2RHFWBUBKELOMCM4Z5334ETCITKHGEXC6',
      account: [Object],
      effects: [Array],
      heeC: [],
      lat: [Array],
      lng: [Array],
      daos: 'gratz.io,shex',
      email: 'email@not.set',
      greeting: 'Michael'
    },
    claimable: false,
    reclaimed: true
  },
  Take {
    txHash: '31e3902f602417db70e8dd9931c6ddebefd5204ee82d96c838e0ba3327f73a5d',
    make: Request {
      txHash: 'abce11d64d8d458e8a28f63de4fc8f56c83ff2fa1228bd8baeb40e48459566f9',
      maker: 'GALQW6MWNPFXLWQY5SJL4DRYKWPAHGXS27HQVH4MF2BMO47TQHGWSUUM',
      description: "Suffering is real - and so is anything that reduces it. Let's make Stellar Help Exchange real! Business partners, codebase maintainers and contributors welcome.",
      amount: null,
      memo: [Memo],
      makerCached: [User]
    },
    balanceId: '0000000014e06e07c48ca16f3ee667658ea49ba4793767793ed70efaa6c7636e88feeb71',
    taker: 'GBAJNIIHWZZECGOV4BES6VJQG4XOFB7FUAVAFFZWXMW6D2MKKGHRZKJF',
    description: 'Stellar Help Exchange Acception Initiative (SHEXAI) is a Distributed Autonomous Organisation (DAO). Its goal and mission is to uphold and coordinate SHEX supporters and users of all kinds.',
    amount: null,
    takerCached: User {
      keypair: [Keypair],
      asset: [Asset],
      pk: 'GBAJNIIHWZZECGOV4BES6VJQG4XOFB7FUAVAFFZWXMW6D2MKKGHRZKJF',
      account: [Object],
      effects: [Array],
      heeC: [],
      lat: [Array],
      lng: [Array],
      data2: 'phold and coordinate SHEX supporters and users of all kinds.',
      data1: 'uted Autonomous Organisation (DAO). Its goal and mission is to u',
      data0: 'Stellar Help Exchange Acception Initiative (SHEXAI) is a Distrib',
      daos: 'shexai,shex',
      email: 'email@not.set',
      greeting: 'SHEXAI'
    },
    claimable: false,
    reclaimed: true
  }
]
- exiting takes4make...
SCBVOFUHQGIJBD6VQHYLSAQD2JVW5LLUOKWKNPFABJPUC4CAOIH6ZZC4 GAIZGQLPOSNDTHCS5VYQJW24NUUJKQ7MKYAJ2G2CMIW5ENKRM7YCDSOC
SCRIXQFU64I6TBXK5SIVHEK6ALLSM6IX3HYAA6IYEGV3DCSLLOIPMZ3G GBSXMPHRTKE2MVIIN7B2VMNCZJIJXQFCJ7XDVYF4AO563XCPRKOQUOM7
SDSZ2346V7IPELC5H2CWDMFMXOJOGC56XO57HOOG6ITRPU4ZXQWVKWNG GAGIJH4WMCKBUSAUCL2UX4FGXF5CKN4RZ2NXKIAEK5Q3UMWCNRIZVRYN
SCJL2ZV54H4XESXS4WOUBUKQLKVSPVFBUIC6DFXUEYXH7VVBUOCV6ZDF GDILGJAXS2P4HVB57KIEHQ2Y4SI46MAJJ7PTLRN4RVW7PWLPAIB7JPDN
- exiting users...

Press ENTER or type command to continue

